// Jest Snapshot v1, https://goo.gl/fbAQLP

exports[`UserView renders the component 1`] = `
<div>
  <vuserprofile-stub user="[object Object]"></vuserprofile-stub>
  <vusersearchform-stub></vusersearchform-stub>
  UserView
</div>
`;
