// Jest Snapshot v1, https://goo.gl/fbAQLP

exports[`VUserSearchForm renders the components 1`] = `
<div>
  <form><input type="text"> <button type="submit">Enviar</button></form>
</div>
`;
